5: Lexical error: integer out of bound '2147483648'